dc: stack empty
dc: stack empty
dc: stack empty
3
3
